// Jest Snapshot v1, https://goo.gl/fbAQLP

exports[`should render Header correctly 1`] = `
<header>
  <h1>
    Expensify
  </h1>
  <ul>
    <NavLink
      activeClassName="is-active"
      ariaCurrent="true"
      exact={true}
      to="/"
    >
      <li>
        Dashboard
      </li>
    </NavLink>
    <NavLink
      activeClassName="is-active"
      ariaCurrent="true"
      to="/create"
    >
      <li>
        Create Expense
      </li>
    </NavLink>
  </ul>
</header>
`;
